// Jest Snapshot v1, https://goo.gl/fbAQLP

exports[`components/App renders correctly 1`] = `
<div>
  <nav
    class="navbar navbar-inverse"
  >
    <div
      class="container-fluid"
    >
      <div
        class="navbar-header"
      >
        <a
          class="navbar-brand"
          href="/"
        >
          iRacing Week Planner
        </a>
      </div>
      <ul
        class="nav navbar-nav navbar-left"
      >
        <li>
          <a
            href=""
            id="navbar-link-purchase-guide"
          >
            Purchase guide
          </a>
        </li>
      </ul>
      <ul
        class="nav navbar-nav navbar-right"
      >
        <li>
          <a
            href=""
            id="navbar-link-my-tracks"
          >
            Set my tracks
          </a>
        </li>
        <li>
          <a
            href=""
            id="navbar-link-my-cars"
          >
            Set my cars
          </a>
        </li>
        <li>
          <a
            href=""
            id="navbar-link-favourite-series"
          >
            Set favorite series
          </a>
        </li>
        <li>
          <a
            href=""
            id="navbar-link-options"
          >
            Options
          </a>
        </li>
        <li>
          <a
            href=""
            id="navbar-link-about"
          >
            About
          </a>
        </li>
        <li>
          <a
            href=""
            id="navbar-link-sign-in"
          >
            Sign in
          </a>
        </li>
        <li
          class="dropdown"
          id="navbar-language-dropdown"
        >
          <a
            href=""
            id="navbar-link-open-language-dropdown"
          >
            ðŸ‡ºðŸ‡¸
             
            <span
              class="caret"
            />
          </a>
          <ul
            class="dropdown-menu"
          >
            <li>
              <a
                href=""
                id="navbar-link-language-de"
              >
                ðŸ‡©ðŸ‡ª
                 
                Deutsch (DE)
              </a>
            </li>
            <li>
              <a
                href=""
                id="navbar-link-language-en"
              >
                ðŸ‡ºðŸ‡¸
                 
                English (US)
              </a>
            </li>
            <li>
              <a
                href=""
                id="navbar-link-language-en-GB"
              >
                ðŸ‡¬ðŸ‡§
                 
                English (UK)
              </a>
            </li>
            <li>
              <a
                href=""
                id="navbar-link-language-es"
              >
                ðŸ‡ªðŸ‡¸
                 
                EspaÃ±ol (ES)
              </a>
            </li>
            <li>
              <a
                href=""
                id="navbar-link-language-fr"
              >
                ðŸ‡«ðŸ‡·
                 
                FranÃ§ais (FR)
              </a>
            </li>
            <li>
              <a
                href=""
                id="navbar-link-language-it"
              >
                ðŸ‡®ðŸ‡¹
                 
                Italiano (IT)
              </a>
            </li>
            <li>
              <a
                href=""
                id="navbar-link-language-ja"
              >
                ðŸ‡¯ðŸ‡µ
                 
                æ—¥æœ¬èªž (JA)
              </a>
            </li>
            <li>
              <a
                href=""
                id="navbar-link-language-nl"
              >
                ðŸ‡³ðŸ‡±
                 
                Nederlands (NL)
              </a>
            </li>
            <li>
              <a
                href=""
                id="navbar-link-language-pl"
              >
                ðŸ‡µðŸ‡±
                 
                Polski (PL)
              </a>
            </li>
            <li>
              <a
                href=""
                id="navbar-link-language-pt-BR"
              >
                ðŸ‡§ðŸ‡·
                 
                PortuguÃªs (BR)
              </a>
            </li>
            <li>
              <a
                href=""
                id="navbar-link-language-tr"
              >
                ðŸ‡¹ðŸ‡·
                 
                TÃ¼rkÃ§e (TR)
              </a>
            </li>
            <li>
              <a
                href="https://github.com/tmoitie/iRacing-week-planner/blob/master/Translate.md"
                rel="noreferrer"
                target="_blank"
              >
                Help me translate!
              </a>
            </li>
          </ul>
        </li>
      </ul>
    </div>
  </nav>
  <div
    class="container-fluid"
  >
    <div
      class="row"
    >
      <div
        class="col-md-2"
      >
        <div>
          <button
            class="bmcButton"
            type="button"
          >
            <img
              alt="Buy me a coffee"
              src="https://cdn.buymeacoffee.com/buttons/bmc-new-btn-logo.svg"
            />
            <span
              style="margin-left: 5px;"
            >
              Buy me a coffee
            </span>
          </button>
          <div
            class="sponsoredContainer"
          >
            <a
              class="sponsoredLink"
              href="https://coachdaveacademy.com/product/iracing-setup-subscription/?ref=weekly_planner"
              rel="sponsored"
            >
              <h4
                class="sponsoredHeader"
              >
                Sponsored
              </h4>
              <h3
                class="sponsoredTitle"
              >
                Looking for iRacing Setups?
              </h3>
              <p
                class="sponsoredBody"
              >
                Grab a setup from Coach Dave Academy, developed by professional sim racers and engineers.
              </p>
              <p
                class="btn btn-primary button"
              >
                Browse Setups
              </p>
            </a>
          </div>
        </div>
        <h3>
          Filters
        </h3>
        <div
          style="font-size: 0.8em;"
        >
          <h4>
            Type
          </h4>
          <div
            class="checkbox"
            data-testid="checkbox-type-oval"
          >
            <label
              for="checkbox-type-oval"
            >
              <input
                checked=""
                id="checkbox-type-oval"
                type="checkbox"
              />
              Oval
            </label>
          </div>
          <div
            class="checkbox"
            data-testid="checkbox-type-road-sports"
          >
            <label
              for="checkbox-type-road-sports"
            >
              <input
                checked=""
                id="checkbox-type-road-sports"
                type="checkbox"
              />
              Sports Car
            </label>
          </div>
          <div
            class="checkbox"
            data-testid="checkbox-type-road-formula"
          >
            <label
              for="checkbox-type-road-formula"
            >
              <input
                checked=""
                id="checkbox-type-road-formula"
                type="checkbox"
              />
              Formula Car
            </label>
          </div>
          <div
            class="checkbox"
            data-testid="checkbox-type-dirt"
          >
            <label
              for="checkbox-type-dirt"
            >
              <input
                checked=""
                id="checkbox-type-dirt"
                type="checkbox"
              />
              Dirt
            </label>
          </div>
          <div
            class="checkbox"
            data-testid="checkbox-type-rx"
          >
            <label
              for="checkbox-type-rx"
            >
              <input
                checked=""
                id="checkbox-type-rx"
                type="checkbox"
              />
              RX
            </label>
          </div>
          <h4>
            Licence
          </h4>
          <div
            class="checkbox"
            data-testid="checkbox-licence-r"
          >
            <label
              for="checkbox-licence-r"
            >
              <input
                checked=""
                id="checkbox-licence-r"
                type="checkbox"
              />
              R
            </label>
          </div>
          <div
            class="checkbox"
            data-testid="checkbox-licence-d"
          >
            <label
              for="checkbox-licence-d"
            >
              <input
                checked=""
                id="checkbox-licence-d"
                type="checkbox"
              />
              D
            </label>
          </div>
          <div
            class="checkbox"
            data-testid="checkbox-licence-c"
          >
            <label
              for="checkbox-licence-c"
            >
              <input
                checked=""
                id="checkbox-licence-c"
                type="checkbox"
              />
              C
            </label>
          </div>
          <div
            class="checkbox"
            data-testid="checkbox-licence-b"
          >
            <label
              for="checkbox-licence-b"
            >
              <input
                checked=""
                id="checkbox-licence-b"
                type="checkbox"
              />
              B
            </label>
          </div>
          <div
            class="checkbox"
            data-testid="checkbox-licence-a"
          >
            <label
              for="checkbox-licence-a"
            >
              <input
                checked=""
                id="checkbox-licence-a"
                type="checkbox"
              />
              A
            </label>
          </div>
          <div
            class="checkbox"
            data-testid="checkbox-licence-p"
          >
            <label
              for="checkbox-licence-p"
            >
              <input
                checked=""
                id="checkbox-licence-p"
                type="checkbox"
              />
              P
            </label>
          </div>
          <h4>
            Official/Fixed
          </h4>
          <div
            class="checkbox"
            data-testid="checkbox-official-false"
          >
            <label
              for="checkbox-official-false"
            >
              <input
                checked=""
                id="checkbox-official-false"
                type="checkbox"
              />
              Unofficial
            </label>
          </div>
          <div
            class="checkbox"
            data-testid="checkbox-official-true"
          >
            <label
              for="checkbox-official-true"
            >
              <input
                checked=""
                id="checkbox-official-true"
                type="checkbox"
              />
              Official
            </label>
          </div>
          <div
            class="checkbox"
            data-testid="checkbox-fixed-false"
          >
            <label
              for="checkbox-fixed-false"
            >
              <input
                checked=""
                id="checkbox-fixed-false"
                type="checkbox"
              />
              Open setup
            </label>
          </div>
          <div
            class="checkbox"
            data-testid="checkbox-fixed-true"
          >
            <label
              for="checkbox-fixed-true"
            >
              <input
                checked=""
                id="checkbox-fixed-true"
                type="checkbox"
              />
              Fixed setup
            </label>
          </div>
          <h4>
            Content
          </h4>
          <div
            class="checkbox"
            data-testid="checkbox-ownedCars"
          >
            <label
              for="checkbox-ownedCars"
            >
              <input
                id="checkbox-ownedCars"
                type="checkbox"
              />
              Owned cars only
            </label>
          </div>
          <div
            class="checkbox"
            data-testid="checkbox-ownedTracks"
          >
            <label
              for="checkbox-ownedTracks"
            >
              <input
                id="checkbox-ownedTracks"
                type="checkbox"
              />
              Owned tracks only
            </label>
          </div>
          <div
            class="checkbox"
            data-testid="checkbox-favouriteSeries"
          >
            <label
              for="checkbox-favouriteSeries"
            >
              <input
                id="checkbox-favouriteSeries"
                type="checkbox"
              />
              Favorite series only
            </label>
          </div>
          <div
            class="checkbox"
            data-testid="checkbox-favouriteCarsOnly"
          >
            <label
              for="checkbox-favouriteCarsOnly"
            >
              <input
                id="checkbox-favouriteCarsOnly"
                type="checkbox"
              />
              Favorite cars only
            </label>
          </div>
          <div
            class="checkbox"
            data-testid="checkbox-favouriteTracksOnly"
          >
            <label
              for="checkbox-favouriteTracksOnly"
            >
              <input
                id="checkbox-favouriteTracksOnly"
                type="checkbox"
              />
              Favorite tracks only
            </label>
          </div>
          <p>
            <button
              class="btn btn-primary"
              id="filters-reset-filters-button"
              type="button"
            >
              Reset filters
            </button>
          </p>
          <p>
            <button
              class="btn btn-primary"
              id="filters-reset-settings-button"
              type="button"
            >
              Reset all settings
            </button>
          </p>
        </div>
      </div>
      <div
        class="col-md-10"
      >
        <div
          class="row"
        >
          <h3
            class="col-xs-8"
          >
            Races for date: September 10, 2022
          </h3>
          <h3
            class="col-xs-4"
            style="text-align: right;"
          >
            Week 1
          </h3>
        </div>
        <div
          style="margin-bottom: 10px;"
        >
          <div
            class="bp5-slider bp5-slider-unlabeled"
          >
            <div
              class="bp5-slider-track"
            >
              <div
                class="bp5-slider-progress"
                style="left: 0.00%; right: 100.00%; top: 0px;"
              />
              <div
                class="bp5-slider-progress bp5-intent-primary"
                style="left: 0.00%; right: 95.60%; top: 0px;"
              />
              <div
                class="bp5-slider-progress"
                style="left: 4.40%; right: 0.00%; top: 0px;"
              />
            </div>
            <div
              class="bp5-slider-axis"
            />
            <span
              aria-disabled="false"
              aria-orientation="horizontal"
              aria-valuemax="91"
              aria-valuemin="0"
              aria-valuenow="4"
              class="bp5-slider-handle"
              role="slider"
              style="left: calc(4.40% - 0px);"
              tabindex="0"
            />
          </div>
        </div>
        <div
          class="table-responsive raceListing"
        >
          <table
            class="table"
            style="font-size: 0.8em;"
          >
            <thead>
              <tr>
                <th
                  class="clickableCell"
                  id="raceListing-th-id"
                >
                  <button
                    class="cellButton"
                    type="button"
                  >
                    ID
                    <span>
                       
                    </span>
                    <span
                      class="glyphicon glyphicon-triangle-top"
                    />
                  </button>
                </th>
              </tr>
            </thead>
            <tbody>
              <tr>
                <td>
                  <div>
                    245
                  </div>
                </td>
              </tr>
              <tr>
                <td>
                  <div>
                    374
                  </div>
                </td>
              </tr>
            </tbody>
          </table>
        </div>
      </div>
    </div>
  </div>
</div>
`;
