// Jest Snapshot v1, https://goo.gl/fbAQLP

exports[`components/modal/ContentModal renders negative interactions correctly 1`] = `null`;

exports[`components/modal/ContentModal renders positive interactions correctly 1`] = `null`;
