// Jest Snapshot v1, https://goo.gl/fbAQLP

exports[`components/modal/FavouriteSeriesModal renders with checkbox saving 1`] = `
<div
  class="Modal__Bootstrap modal-dialog modal-lg"
  data-testid="favouriteSeriesModal"
>
  <div
    class="modal-content"
  >
    <div
      class="modal-header"
    >
      <button
        aria-label="Close"
        class="close"
        type="button"
      >
        <span
          class="glyphicon glyphicon-remove"
        />
      </button>
      <h4
        class="modal-title"
      >
        Choose favorite series
      </h4>
    </div>
    <div
      class="modal-body"
      style="max-height: 55vh; overflow-y: auto;"
    >
      <div>
        <input
          aria-label="search series"
          placeholder="Search series"
          type="text"
          value=""
        />
      </div>
      <div
        class="container-fluid"
      >
        <h3>
          Oval
        </h3>
        <div
          class="row"
        >
          <div
            class="col-md-6"
          >
            <div
              class="checkbox"
              data-testid="favourite-series-245"
            >
              <label
                for="favourite-series-245"
              >
                <input
                  checked=""
                  id="favourite-series-245"
                  type="checkbox"
                />
                13th Week iRacing Figure GR8
              </label>
            </div>
          </div>
        </div>
        <h3>
          Sports Car
        </h3>
        <div
          class="row"
        >
          <div
            class="col-md-6"
          >
            <div
              class="checkbox"
              data-testid="favourite-series-374"
            >
              <label
                for="favourite-series-374"
              >
                <input
                  id="favourite-series-374"
                  type="checkbox"
                />
                IndyCar iRacing Series
              </label>
            </div>
          </div>
        </div>
      </div>
    </div>
    <div
      class="modal-footer"
    >
      <button
        class="btn btn-primary"
        type="button"
      >
        Close
      </button>
    </div>
  </div>
</div>
`;
