// Jest Snapshot v1, https://goo.gl/fbAQLP

exports[`components/icon/LinkIcon renders correctly 1`] = `
<span
  class="glyphicon glyphicon-link"
/>
`;
