// Jest Snapshot v1, https://goo.gl/fbAQLP

exports[`components/icon/ShoppingCartIcon renders correctly 1`] = `
<span
  class="glyphicon glyphicon-shopping-cart"
/>
`;
