// Jest Snapshot v1, https://goo.gl/fbAQLP

exports[`components/icon/StarIcon renders correctly 1`] = `
<span
  class="glyphicon glyphicon-star"
  data-testid="StarIcon"
/>
`;
