// Jest Snapshot v1, https://goo.gl/fbAQLP

exports[`components/icon/TickIcon renders correctly 1`] = `
<span
  class="glyphicon glyphicon-ok"
  data-testid="TickIcon"
/>
`;
