// Jest Snapshot v1, https://goo.gl/fbAQLP

exports[`components/GlobalModals renders all closed 1`] = `null`;

exports[`components/GlobalModals renders open options, closing and saving 1`] = `
<body>
  <div />
  <div
    id="optionsModal"
  >
    <div
      class="ReactModal__Overlay"
      style="position: fixed; display: block; inset: 0; background-color: rgba(255, 255, 255, 0.75);"
    >
      <div
        class="Modal__Bootstrap modal-dialog modal-lg"
        data-testid="optionsModal"
      >
        <div
          class="modal-content"
        >
          <div
            class="modal-header"
          >
            <button
              aria-label="Close"
              class="close"
              type="button"
            >
              <span
                class="glyphicon glyphicon-remove"
              />
            </button>
            <h4
              class="modal-title"
            >
              Options
            </h4>
          </div>
          <div
            class="modal-body"
            style="max-height: 55vh; overflow-y: auto;"
          >
            <div
              class="container-fluid"
            >
              <h5>
                Columns
              </h5>
              <div
                class="row"
              >
                <div
                  class="col-xs-3 col-md-2"
                >
                  <div
                    class="checkbox"
                    data-testid="options-columns-id"
                  >
                    <label
                      for="options-columns-id"
                    >
                      <input
                        id="options-columns-id"
                        type="checkbox"
                      />
                      ID
                    </label>
                  </div>
                </div>
                <div
                  class="col-xs-3 col-md-2"
                >
                  <div
                    class="checkbox"
                    data-testid="options-columns-class"
                  >
                    <label
                      for="options-columns-class"
                    >
                      <input
                        id="options-columns-class"
                        type="checkbox"
                      />
                      Class
                    </label>
                  </div>
                </div>
                <div
                  class="col-xs-3 col-md-2"
                >
                  <div
                    class="checkbox"
                    data-testid="options-columns-licence"
                  >
                    <label
                      for="options-columns-licence"
                    >
                      <input
                        id="options-columns-licence"
                        type="checkbox"
                      />
                      Licence
                    </label>
                  </div>
                </div>
                <div
                  class="col-xs-3 col-md-2"
                >
                  <div
                    class="checkbox"
                    data-testid="options-columns-type"
                  >
                    <label
                      for="options-columns-type"
                    >
                      <input
                        id="options-columns-type"
                        type="checkbox"
                      />
                      Type
                    </label>
                  </div>
                </div>
                <div
                  class="col-xs-3 col-md-2"
                >
                  <div
                    class="checkbox disabled"
                    data-testid="options-columns-series"
                  >
                    <label
                      for="options-columns-series"
                    >
                      <input
                        disabled=""
                        id="options-columns-series"
                        type="checkbox"
                      />
                      Series
                    </label>
                  </div>
                </div>
                <div
                  class="col-xs-3 col-md-2"
                >
                  <div
                    class="checkbox"
                    data-testid="options-columns-track"
                  >
                    <label
                      for="options-columns-track"
                    >
                      <input
                        id="options-columns-track"
                        type="checkbox"
                      />
                      Track
                    </label>
                  </div>
                </div>
                <div
                  class="col-xs-3 col-md-2"
                >
                  <div
                    class="checkbox"
                    data-testid="options-columns-car"
                  >
                    <label
                      for="options-columns-car"
                    >
                      <input
                        id="options-columns-car"
                        type="checkbox"
                      />
                      Car
                    </label>
                  </div>
                </div>
                <div
                  class="col-xs-3 col-md-2"
                >
                  <div
                    class="checkbox"
                    data-testid="options-columns-start"
                  >
                    <label
                      for="options-columns-start"
                    >
                      <input
                        id="options-columns-start"
                        type="checkbox"
                      />
                      Start
                    </label>
                  </div>
                </div>
                <div
                  class="col-xs-3 col-md-2"
                >
                  <div
                    class="checkbox"
                    data-testid="options-columns-end"
                  >
                    <label
                      for="options-columns-end"
                    >
                      <input
                        id="options-columns-end"
                        type="checkbox"
                      />
                      End
                    </label>
                  </div>
                </div>
                <div
                  class="col-xs-3 col-md-2"
                >
                  <div
                    class="checkbox"
                    data-testid="options-columns-racelength"
                  >
                    <label
                      for="options-columns-racelength"
                    >
                      <input
                        id="options-columns-racelength"
                        type="checkbox"
                      />
                      Length
                    </label>
                  </div>
                </div>
                <div
                  class="col-xs-3 col-md-2"
                >
                  <div
                    class="checkbox"
                    data-testid="options-columns-official"
                  >
                    <label
                      for="options-columns-official"
                    >
                      <input
                        id="options-columns-official"
                        type="checkbox"
                      />
                      Official
                    </label>
                  </div>
                </div>
                <div
                  class="col-xs-3 col-md-2"
                >
                  <div
                    class="checkbox"
                    data-testid="options-columns-fixed"
                  >
                    <label
                      for="options-columns-fixed"
                    >
                      <input
                        id="options-columns-fixed"
                        type="checkbox"
                      />
                      Fixed
                    </label>
                  </div>
                </div>
                <div
                  class="col-xs-3 col-md-2"
                >
                  <div
                    class="checkbox"
                    data-testid="options-columns-raceTimes"
                  >
                    <label
                      for="options-columns-raceTimes"
                    >
                      <input
                        id="options-columns-raceTimes"
                        type="checkbox"
                      />
                      Race times
                    </label>
                  </div>
                </div>
                <div
                  class="col-xs-3 col-md-2"
                >
                  <div
                    class="checkbox"
                    data-testid="options-columns-nextRace"
                  >
                    <label
                      for="options-columns-nextRace"
                    >
                      <input
                        id="options-columns-nextRace"
                        type="checkbox"
                      />
                      Next race
                    </label>
                  </div>
                </div>
                <div
                  class="col-xs-3 col-md-2"
                >
                  <div
                    class="checkbox"
                    data-testid="options-columns-seriesEnd"
                  >
                    <label
                      for="options-columns-seriesEnd"
                    >
                      <input
                        id="options-columns-seriesEnd"
                        type="checkbox"
                      />
                      Season end
                    </label>
                  </div>
                </div>
                <div
                  class="col-xs-3 col-md-2"
                >
                  <div
                    class="checkbox"
                    data-testid="options-columns-seriesLink"
                  >
                    <label
                      for="options-columns-seriesLink"
                    >
                      <input
                        id="options-columns-seriesLink"
                        type="checkbox"
                      />
                      Link
                    </label>
                  </div>
                </div>
              </div>
            </div>
          </div>
          <div
            class="modal-footer"
          >
            <button
              class="btn btn-primary"
              type="button"
            >
              Close
            </button>
          </div>
        </div>
      </div>
    </div>
  </div>
</body>
`;
