// Jest Snapshot v1, https://goo.gl/fbAQLP

exports[`components/Navbar changes language 1`] = `
"Snapshot Diff:
- First value
+ Second value

@@ -77,11 +77,11 @@
            >
              Sign out
            </a>
          </li>
          <li
-           class="dropdown"
+           class="dropdown open"
            id="navbar-language-dropdown"
          >
            <a
              href=""
              id="navbar-link-open-language-dropdown""
`;

exports[`components/Navbar changes language 2`] = `
"Snapshot Diff:
- First value
+ Second value

@@ -77,11 +77,11 @@
            >
              Sign out
            </a>
          </li>
          <li
-           class="dropdown open"
+           class="dropdown"
            id="navbar-language-dropdown"
          >
            <a
              href=""
              id="navbar-link-open-language-dropdown""
`;

exports[`components/Navbar closes dropdown 1`] = `
"Snapshot Diff:
- First value
+ Second value

@@ -77,11 +77,11 @@
            >
              Sign out
            </a>
          </li>
          <li
-           class="dropdown open"
+           class="dropdown"
            id="navbar-language-dropdown"
          >
            <a
              href=""
              id="navbar-link-open-language-dropdown""
`;

exports[`components/Navbar renders correctly and links work 1`] = `
<nav
  class="navbar navbar-inverse"
>
  <div
    class="container-fluid"
  >
    <div
      class="navbar-header"
    >
      <a
        class="navbar-brand"
        href="/"
      >
        iRacing Week Planner
      </a>
    </div>
    <ul
      class="nav navbar-nav navbar-left"
    >
      <li>
        <a
          href=""
          id="navbar-link-purchase-guide"
        >
          Purchase guide
        </a>
      </li>
    </ul>
    <ul
      class="nav navbar-nav navbar-right"
    >
      <li>
        <a
          href=""
          id="navbar-link-my-tracks"
        >
          Set my tracks
        </a>
      </li>
      <li>
        <a
          href=""
          id="navbar-link-my-cars"
        >
          Set my cars
        </a>
      </li>
      <li>
        <a
          href=""
          id="navbar-link-favourite-series"
        >
          Set favorite series
        </a>
      </li>
      <li>
        <a
          href=""
          id="navbar-link-options"
        >
          Options
        </a>
      </li>
      <li>
        <a
          href=""
          id="navbar-link-about"
        >
          About
        </a>
      </li>
      <li>
        <a
          href=""
          id="navbar-link-sign-out"
        >
          Sign out
        </a>
      </li>
      <li
        class="dropdown"
        id="navbar-language-dropdown"
      >
        <a
          href=""
          id="navbar-link-open-language-dropdown"
        >
          ðŸ‡ºðŸ‡¸
           
          <span
            class="caret"
          />
        </a>
        <ul
          class="dropdown-menu"
        >
          <li>
            <a
              href=""
              id="navbar-link-language-de"
            >
              ðŸ‡©ðŸ‡ª
               
              Deutsch (DE)
            </a>
          </li>
          <li>
            <a
              href=""
              id="navbar-link-language-en"
            >
              ðŸ‡ºðŸ‡¸
               
              English (US)
            </a>
          </li>
          <li>
            <a
              href=""
              id="navbar-link-language-en-GB"
            >
              ðŸ‡¬ðŸ‡§
               
              English (UK)
            </a>
          </li>
          <li>
            <a
              href=""
              id="navbar-link-language-es"
            >
              ðŸ‡ªðŸ‡¸
               
              EspaÃ±ol (ES)
            </a>
          </li>
          <li>
            <a
              href=""
              id="navbar-link-language-fr"
            >
              ðŸ‡«ðŸ‡·
               
              FranÃ§ais (FR)
            </a>
          </li>
          <li>
            <a
              href=""
              id="navbar-link-language-it"
            >
              ðŸ‡®ðŸ‡¹
               
              Italiano (IT)
            </a>
          </li>
          <li>
            <a
              href=""
              id="navbar-link-language-ja"
            >
              ðŸ‡¯ðŸ‡µ
               
              æ—¥æœ¬èªž (JA)
            </a>
          </li>
          <li>
            <a
              href=""
              id="navbar-link-language-nl"
            >
              ðŸ‡³ðŸ‡±
               
              Nederlands (NL)
            </a>
          </li>
          <li>
            <a
              href=""
              id="navbar-link-language-pl"
            >
              ðŸ‡µðŸ‡±
               
              Polski (PL)
            </a>
          </li>
          <li>
            <a
              href=""
              id="navbar-link-language-pt-BR"
            >
              ðŸ‡§ðŸ‡·
               
              PortuguÃªs (BR)
            </a>
          </li>
          <li>
            <a
              href=""
              id="navbar-link-language-tr"
            >
              ðŸ‡¹ðŸ‡·
               
              TÃ¼rkÃ§e (TR)
            </a>
          </li>
          <li>
            <a
              href="https://github.com/tmoitie/iRacing-week-planner/blob/master/Translate.md"
              rel="noreferrer"
              target="_blank"
            >
              Help me translate!
            </a>
          </li>
        </ul>
      </li>
    </ul>
  </div>
</nav>
`;
