// Jest Snapshot v1, https://goo.gl/fbAQLP

exports[`components/columns/Class renders correctly 1`] = `
<td>
  <div
    class="licenceLevelComponent licenceD"
  >
    <span
      class="licenceLetter"
    >
      D
    </span>
    <span
      class="licenceText"
    />
  </div>
</td>
`;
